// Jest Snapshot v1, https://goo.gl/fbAQLP

exports[`Pruebas en GifGridItem.js Debe mostrar el componente correctamente 1`] = `
<div
  className="card animate__animated animate__fadeIn"
>
  <img
    alt="Titulo"
    src="http://prueba/123"
  />
  <p>
     
    Titulo
     
  </p>
</div>
`;
